../Src/main.c:99:6:processKeyPress	48	static
../Src/main.c:231:6:showKeyPress	16	static
../Src/main.c:265:6:keypad_scan	40	static
../Src/main.c:327:5:main	16	static
../Src/main.c:418:6:SystemClock_Config	88	static
../Src/main.c:464:13:MX_I2C1_Init	8	static
../Src/main.c:498:13:MX_SPI2_Init	8	static
../Src/main.c:536:13:MX_USART2_UART_Init	8	static
../Src/main.c:569:13:MX_GPIO_Init	56	static
../Src/main.c:631:1:__io_putchar	16	static
../Src/main.c:643:6:Error_Handler	4	static,ignoring_inline_asm
